{
 "player": {
  "p1_a": {
   "ptd": {
    "p1": 83
   },
   "draft": null,
   "consolZ": "1001500",
   "consolAbove": true,
   "cta": true,
   "text": "🎉Тест сдан!10 / 12 (порог 10)Поздравляем! Тест Фазы 1 успешно сдан на 83%.▸ Следующий уро"
  },
  "p1_b": {
   "ptd": {
    "p1": 83
   },
   "text": "📉Тест не сдан9 / 12 (порог 10)Результат: 75%. Основной порог: 10 из 12 (83%). Повторите м"
  },
  "math_a": {
   "mts": {
    "answers": {
     "0": 0,
     "1": 2,
     "2": 0,
     "3": 1,
     "4": 1,
     "5": 3,
     "6": 3,
     "7": 1,
     "8": 0,
     "9": 1
    },
    "correct": 8,
    "passed": true
   },
   "text": "🎉Тест сдан!8 / 10 (порог 8)🎉 Тест сдан: 8 из 10🔍 Разбор⟲ Пройти заново✕ Закры"
  },
  "math_b": {
   "mts": {
    "answers": {
     "0": 0,
     "1": 2,
     "2": 0,
     "3": 1,
     "4": 1,
     "5": 3,
     "6": 3,
     "7": 2,
     "8": 0,
     "9": 1
    },
    "correct": 8,
    "passed": false
   }
  },
  "cap": {
   "ptd": 87,
   "cert": true,
   "text": "🎉Тест сдан!33 / 38 (порог 33) 🏛️ СЕРТИФИКАТ КВАНТ-АРХИТЕКТОРА Подтверждает успешную сдач"
  },
  "lit": {
   "hasKey": false,
   "text": "🔬Диагностика завершенаПравильных: 9 из 25🔬 Диагностика — на прогресс и гейты не влияет, результат никуда не "
  }
 },
 "old": {
  "p1_a": {
   "p1": 83
  },
  "p1_b": {
   "p1": 83
  },
  "math_b": {
   "answers": {
    "0": 0,
    "1": 2,
    "2": 0,
    "3": 1,
    "4": 1,
    "5": 3,
    "6": 3,
    "7": 2,
    "8": 0,
    "9": 1
   },
   "correct": 8,
   "passed": false
  },
  "cap": 87
 },
 "cmp": {
  "p1_a_pct_player": 83,
  "p1_a_pct_old": 83,
  "p1_final_player": 83,
  "p1_final_old": 83,
  "cap_player": 87,
  "cap_old": 87,
  "math_final_player": "{\"answers\":{\"0\":0,\"1\":2,\"2\":0,\"3\":1,\"4\":1,\"5\":3,\"6\":3,\"7\":2,\"8\":0,\"9\":1},\"correct\":8,\"passed\":false}",
  "math_final_old": "{\"answers\":{\"0\":0,\"1\":2,\"2\":0,\"3\":1,\"4\":1,\"5\":3,\"6\":3,\"7\":2,\"8\":0,\"9\":1},\"correct\":8,\"passed\":false}",
  "mathStateEqual": true,
  "ptdEqual": true,
  "lit_no_key": true,
  "player_dialogs": 0,
  "old_dialogs": 4
 },
 "dialogs": {
  "player": [],
  "old": [
   "Поздравляем! Тест Фазы 1 успешно сдан на",
   "Результат: 75%. Основной порог: 10 из 12",
   "🎉 Тест сдан: 8 из 10",
   "❌ Не сдано: 7 из 10 (нужно ≥ 8)"
  ]
 },
 "errors": {
  "player": 0,
  "old": 0
 }
}
